// Vitest Snapshot v1, https://vitest.dev/guide/snapshot.html

exports[`LoginForm > should match snapshot 1`] = `
<div>
  <div
    class="bg-card text-card-foreground flex flex-col gap-6 rounded-xl border py-6 shadow-xs w-full sm:max-w-md"
    data-slot="card"
  >
    <div
      class="@container/card-header grid auto-rows-min grid-rows-[auto_auto] items-start gap-1.5 px-6 has-data-[slot=card-action]:grid-cols-[1fr_auto] [.border-b]:pb-6"
      data-slot="card-header"
    >
      <div
        class="leading-none font-semibold"
        data-slot="card-title"
      >
        Login
      </div>
      <div
        class="text-muted-foreground text-sm"
        data-slot="card-description"
      >
        Login to your account
      </div>
    </div>
    <div
      class="px-6"
      data-slot="card-content"
    >
      <form
        id="login-form"
      >
        <div
          class="group/field-group @container/field-group flex w-full flex-col gap-7 data-[slot=checkbox-group]:gap-3 [&>[data-slot=field-group]]:gap-4"
          data-slot="field-group"
        >
          <div
            class="group/field flex w-full gap-3 data-[invalid=true]:text-destructive flex-col [&>*]:w-full [&>.sr-only]:w-auto"
            data-orientation="vertical"
            data-slot="field"
            role="group"
          >
            <label
              class="text-sm font-medium peer-disabled:cursor-not-allowed peer-disabled:opacity-70 group/field-label peer/field-label flex w-fit gap-2 leading-snug group-data-[disabled=true]/field:opacity-50 has-[>[data-slot=field]]:w-full has-[>[data-slot=field]]:flex-col has-[>[data-slot=field]]:rounded-md has-[>[data-slot=field]]:border [&>*]:data-[slot=field]:p-4 has-data-[state=checked]:bg-primary/5 has-data-[state=checked]:border-primary dark:has-data-[state=checked]:bg-primary/10"
              data-slot="field-label"
            >
              Email
            </label>
            <input
              aria-invalid="false"
              autocomplete="off"
              class="flex h-9 w-full rounded-md border border-input bg-transparent px-3 py-1 text-base shadow-xs transition-colors file:border-0 file:bg-transparent file:text-sm file:font-medium file:text-foreground placeholder:text-muted-foreground focus-visible:outline-hidden focus-visible:ring-1 focus-visible:ring-ring disabled:cursor-not-allowed disabled:opacity-50 md:text-sm"
              data-slot="input"
              name="email"
              placeholder="Enter your email"
              value="test@example.com"
            />
          </div>
          <div
            class="group/field flex w-full gap-3 data-[invalid=true]:text-destructive flex-col [&>*]:w-full [&>.sr-only]:w-auto"
            data-orientation="vertical"
            data-slot="field"
            role="group"
          >
            <label
              class="text-sm font-medium peer-disabled:cursor-not-allowed peer-disabled:opacity-70 group/field-label peer/field-label flex w-fit gap-2 leading-snug group-data-[disabled=true]/field:opacity-50 has-[>[data-slot=field]]:w-full has-[>[data-slot=field]]:flex-col has-[>[data-slot=field]]:rounded-md has-[>[data-slot=field]]:border [&>*]:data-[slot=field]:p-4 has-data-[state=checked]:bg-primary/5 has-data-[state=checked]:border-primary dark:has-data-[state=checked]:bg-primary/10"
              data-slot="field-label"
            >
              Password
            </label>
            <input
              aria-invalid="false"
              autocomplete="off"
              class="flex h-9 w-full rounded-md border border-input bg-transparent px-3 py-1 text-base shadow-xs transition-colors file:border-0 file:bg-transparent file:text-sm file:font-medium file:text-foreground placeholder:text-muted-foreground focus-visible:outline-hidden focus-visible:ring-1 focus-visible:ring-ring disabled:cursor-not-allowed disabled:opacity-50 md:text-sm"
              data-slot="input"
              name="password"
              placeholder="Enter your password"
              type="password"
              value="TestPassword123"
            />
          </div>
        </div>
      </form>
    </div>
    <div
      class="flex items-center px-6 [.border-t]:pt-6"
      data-slot="card-footer"
    >
      <div
        class="group/field flex w-full gap-3 data-[invalid=true]:text-destructive flex-col [&>*]:w-full [&>.sr-only]:w-auto @md/field-group:flex-row @md/field-group:items-center @md/field-group:[&>*]:w-auto @md/field-group:[&>[data-slot=field-label]]:flex-auto @md/field-group:has-[>[data-slot=field-content]]:items-start @md/field-group:has-[>[data-slot=field-content]]:[&>[role=checkbox],[role=radio]]:mt-px"
        data-orientation="responsive"
        data-slot="field"
        role="group"
      >
        <div
          class="flex flex-col sm:flex-row gap-2 w-full"
        >
          <button
            class="inline-flex items-center justify-center gap-2 whitespace-nowrap rounded-md text-sm font-medium transition-colors focus-visible:outline-hidden focus-visible:ring-1 focus-visible:ring-ring disabled:pointer-events-none disabled:opacity-50 [&_svg]:pointer-events-none [&_svg]:size-4 [&_svg]:shrink-0 bg-primary text-primary-foreground shadow-sm hover:bg-primary/90 h-9 px-4 py-2"
            data-size="default"
            data-slot="button"
            data-variant="default"
            form="login-form"
            type="submit"
          >
            <svg
              aria-hidden="true"
              class="lucide lucide-key size-4"
              fill="none"
              height="24"
              stroke="currentColor"
              stroke-linecap="round"
              stroke-linejoin="round"
              stroke-width="2"
              viewBox="0 0 24 24"
              width="24"
              xmlns="http://www.w3.org/2000/svg"
            >
              <path
                d="m15.5 7.5 2.3 2.3a1 1 0 0 0 1.4 0l2.1-2.1a1 1 0 0 0 0-1.4L19 4"
              />
              <path
                d="m21 2-9.6 9.6"
              />
              <circle
                cx="7.5"
                cy="15.5"
                r="5.5"
              />
            </svg>
            Login
          </button>
          <button
            class="inline-flex items-center justify-center gap-2 whitespace-nowrap rounded-md text-sm font-medium transition-colors focus-visible:outline-hidden focus-visible:ring-1 focus-visible:ring-ring disabled:pointer-events-none disabled:opacity-50 [&_svg]:pointer-events-none [&_svg]:size-4 [&_svg]:shrink-0 border border-input bg-background shadow-xs hover:bg-accent hover:text-accent-foreground h-9 px-4 py-2"
            data-size="default"
            data-slot="button"
            data-variant="outline"
            type="button"
          >
            <svg
              aria-hidden="true"
              class="lucide lucide-fingerprint-pattern size-4"
              fill="none"
              height="24"
              stroke="currentColor"
              stroke-linecap="round"
              stroke-linejoin="round"
              stroke-width="2"
              viewBox="0 0 24 24"
              width="24"
              xmlns="http://www.w3.org/2000/svg"
            >
              <path
                d="M12 10a2 2 0 0 0-2 2c0 1.02-.1 2.51-.26 4"
              />
              <path
                d="M14 13.12c0 2.38 0 6.38-1 8.88"
              />
              <path
                d="M17.29 21.02c.12-.6.43-2.3.5-3.02"
              />
              <path
                d="M2 12a10 10 0 0 1 18-6"
              />
              <path
                d="M2 16h.01"
              />
              <path
                d="M21.8 16c.2-2 .131-5.354 0-6"
              />
              <path
                d="M5 19.5C5.5 18 6 15 6 12a6 6 0 0 1 .34-2"
              />
              <path
                d="M8.65 22c.21-.66.45-1.32.57-2"
              />
              <path
                d="M9 6.8a6 6 0 0 1 9 5.2v2"
              />
            </svg>
            Use passkey
          </button>
        </div>
        <p
          class="text-muted-foreground text-sm leading-normal font-normal group-has-[[data-orientation=horizontal]]/field:text-balance last:mt-0 nth-last-2:-mt-1 [[data-variant=legend]+&]:-mt-1.5 [&>a:hover]:text-primary [&>a]:underline [&>a]:underline-offset-4 text-center"
          data-slot="field-description"
        >
          Don't have an account?
           
          <a
            data-discover="true"
            href="/register"
          >
            Sign up
          </a>
        </p>
      </div>
    </div>
  </div>
</div>
`;
